// Jest Snapshot v1, https://goo.gl/fbAQLP

exports[`Header snapshot Tests Sample of snapshot testing, not very useful, but shows how to do it 1`] = `
<div
  className="app-header relative"
>
  <h1
    className="app-title text-center"
  />
  <img
    alt="app-logo"
    className="app-logo"
    src={Object {}}
  />
</div>
`;
